// Jest Snapshot v1, https://goo.gl/fbAQLP

exports[`Content Content: renders correctly 1`] = `
<View
  style={
    Object {
      "backgroundColor": "#F5FCFF",
      "flex": 9,
      "justifyContent": "center",
    }
  }
>
  <Text
    accessible={true}
    allowFontScaling={true}
    ellipsizeMode="tail"
    style={
      Object {
        "color": "#333333",
        "marginBottom": 5,
        "textAlign": "left",
      }
    }
  >
    Contents
  </Text>
  <TextInput
    allowFontScaling={true}
    multiline={true}
    style={
      Object {
        "borderColor": "gray",
        "borderRadius": 5,
        "borderWidth": 1,
        "flexGrow": 1,
        "width": 350,
      }
    }
  />
</View>
`;
