// Jest Snapshot v1, https://goo.gl/fbAQLP

exports[`Content renders correctly 1`] = `
<View
  style={
    Object {
      "flex": 1,
    }
  }
>
  <Text
    accessible={true}
    allowFontScaling={true}
    ellipsizeMode="tail"
    style={
      Object {
        "fontStyle": "italic",
      }
    }
  >
    Please type your note below
  </Text>
  <TextInput
    allowFontScaling={true}
    multiline={true}
    onChangeText={[Function]}
    style={
      Object {
        "borderColor": "gray",
        "borderWidth": 1,
        "flex": 1,
        "padding": 5,
        "textAlignVertical": "top",
      }
    }
    underlineColorAndroid="transparent"
  />
</View>
`;
