// Jest Snapshot v1, https://goo.gl/fbAQLP

exports[`Content snapshot test 1`] = `
<View
  style={
    Object {
      "flex": 1,
      "width": "100%",
    }
  }
>
  <Text
    accessible={true}
    allowFontScaling={true}
    ellipsizeMode="tail"
    style={
      Object {
        "fontSize": 15,
        "fontStyle": "italic",
        "paddingVertical": 10,
        "textAlign": "left",
      }
    }
  >
    Please type your note below
  </Text>
  <TextInput
    allowFontScaling={true}
    multiline={true}
    onChangeText={undefined}
    style={
      Object {
        "borderWidth": 1,
        "flex": 1,
        "padding": 10,
        "textAlignVertical": "top",
      }
    }
    underlineColorAndroid="transparent"
  />
</View>
`;
