// Jest Snapshot v1, https://goo.gl/fbAQLP

exports[`Footer snapshot test 1`] = `
<View
  style={
    Object {
      "alignItems": "center",
      "flexDirection": "row",
      "justifyContent": "space-between",
      "paddingVertical": 10,
      "width": "100%",
    }
  }
>
  <Text
    accessible={true}
    allowFontScaling={true}
    ellipsizeMode="tail"
    style={
      Object {
        "fontSize": 15,
        "fontWeight": "bold",
      }
    }
  >
    Save
  </Text>
  <Text
    accessible={true}
    allowFontScaling={true}
    ellipsizeMode="tail"
    style={
      Object {
        "fontSize": 15,
      }
    }
  >
    150 characters
  </Text>
</View>
`;
