// Jest Snapshot v1, https://goo.gl/fbAQLP

exports[`App rendersItem correctly 1`] = `
<Swipeout
  autoClose={true}
  disabled={false}
  right={
    Array [
      Object {
        "backgroundColor": "lightblue",
        "onPress": [Function],
        "text": "View",
      },
      Object {
        "backgroundColor": "red",
        "onPress": undefined,
        "text": "Delete",
      },
    ]
  }
  rowID={-1}
  sectionID={-1}
  sensitivity={50}
>
  <View
    style={
      Object {
        "flexDirection": "row",
        "justifyContent": "space-between",
      }
    }
  >
    <TouchableOpacity
      activeOpacity={0.2}
    >
      <View>
        <Text
          accessible={true}
          allowFontScaling={true}
          ellipsizeMode="tail"
          style={
            Object {
              "fontWeight": "900",
              "paddingBottom": 10,
              "paddingTop": 10,
            }
          }
        >
          title
        </Text>
        <Text
          accessible={true}
          allowFontScaling={true}
          ellipsizeMode="tail"
          style={undefined}
        >
          content
        </Text>
      </View>
    </TouchableOpacity>
  </View>
</Swipeout>
`;
