// Jest Snapshot v1, https://goo.gl/fbAQLP

exports[`App rendersItem correctly 1`] = `
<View>
  <Text
    accessible={true}
    allowFontScaling={true}
    ellipsizeMode="tail"
    style={
      Object {
        "fontWeight": "900",
        "paddingBottom": 10,
        "paddingTop": 10,
      }
    }
  >
    Notes: 
  </Text>
  <Text
    accessible={true}
    allowFontScaling={true}
    ellipsizeMode="tail"
    style={
      Object {
        "fontWeight": "900",
        "paddingBottom": 10,
        "paddingTop": 10,
      }
    }
  >
    title
  </Text>
  <Text
    accessible={true}
    allowFontScaling={true}
    ellipsizeMode="tail"
    style={Object {}}
  >
    content
  </Text>
</View>
`;
