// Jest Snapshot v1, https://goo.gl/fbAQLP

exports[`rendersItem correctly 1`] = `
<View>
  <Text
    accessible={true}
    allowFontScaling={true}
    ellipsizeMode="tail"
    style={
      Object {
        "fontWeight": "700",
        "padding": 3,
      }
    }
  >
    title
  </Text>
  <Text
    accessible={true}
    allowFontScaling={true}
    ellipsizeMode="tail"
  >
    content
  </Text>
</View>
`;
