// Jest Snapshot v1, https://goo.gl/fbAQLP

exports[`App rendersItem correctly 1`] = `
<View
  style={
    Object {
      "flexDirection": "row",
    }
  }
>
  <Swipeout
    disabled={false}
    right={
      Array [
        Object {
          "backgroundColor": "#49ba88",
          "color": "#fff",
          "text": "Edit",
        },
        Object {
          "backgroundColor": "red",
          "color": "#fff",
          "onPress": [Function],
          "text": "Delete",
        },
      ]
    }
    rowID={-1}
    sectionID={-1}
    sensitivity={50}
    style={
      Object {
        "flex": 1,
      }
    }
  >
    <TouchableOpacity
      activeOpacity={0.2}
      onPress={[Function]}
    >
      <View>
        <Text
          accessible={true}
          allowFontScaling={true}
          ellipsizeMode="tail"
        >
          title
        </Text>
        <Text
          accessible={true}
          allowFontScaling={true}
          ellipsizeMode="tail"
        >
          content
        </Text>
      </View>
    </TouchableOpacity>
  </Swipeout>
</View>
`;
