// Jest Snapshot v1, https://goo.gl/fbAQLP

exports[`ListItem ListItem: MatchSnapshot 1`] = `
<View>
  <RCTScrollView
    data={Array []}
    disableVirtualization={false}
    getItem={[Function]}
    getItemCount={[Function]}
    horizontal={false}
    initialNumToRender={10}
    keyExtractor={[Function]}
    maxToRenderPerBatch={10}
    numColumns={1}
    onContentSizeChange={[Function]}
    onEndReachedThreshold={2}
    onLayout={[Function]}
    onMomentumScrollEnd={[Function]}
    onScroll={[Function]}
    onScrollBeginDrag={[Function]}
    onScrollEndDrag={[Function]}
    renderItem={[Function]}
    scrollEventThrottle={50}
    stickyHeaderIndices={Array []}
    style={
      Object {
        "height": "30%",
        "paddingLeft": 10,
        "paddingRight": 10,
      }
    }
    updateCellsBatchingPeriod={50}
    viewabilityConfigCallbackPairs={Array []}
    windowSize={21}
  >
    <View />
  </RCTScrollView>
</View>
`;

exports[`ListItem ListItem: onShowDetail 1`] = `[Function]`;

exports[`ListItem ListItem: renderItemList 1`] = `
<TouchableOpacity
  activeOpacity={0.2}
  onPress={[Function]}
>
  <View
    style={
      Object {
        "marginBottom": 10,
        "marginTop": 10,
      }
    }
  >
    <Text
      accessible={true}
      allowFontScaling={true}
      ellipsizeMode="tail"
      style={
        Object {
          "fontSize": 16,
          "fontWeight": "bold",
        }
      }
    >
      Eqweqwe
    </Text>
    <Text
      accessible={true}
      allowFontScaling={true}
      ellipsizeMode="tail"
      style={
        Object {
          "color": "#333333",
        }
      }
    >
      Qweqw
    </Text>
  </View>
  <View
    style={
      Object {
        "backgroundColor": "#E0E0E0",
        "height": 1,
        "width": "100%",
      }
    }
  />
</TouchableOpacity>
`;
