// Jest Snapshot v1, https://goo.gl/fbAQLP

exports[`ListItem ListItem: MatchSnapshot 1`] = `
<View>
  <Text
    accessible={true}
    allowFontScaling={true}
    ellipsizeMode="tail"
    style={
      Object {
        "fontSize": 16,
        "fontWeight": "bold",
        "paddingLeft": 10,
        "paddingRight": 10,
      }
    }
  >
    Notes:
  </Text>
  <RCTScrollView
    data={Array []}
    disableVirtualization={false}
    getItem={[Function]}
    getItemCount={[Function]}
    horizontal={false}
    initialNumToRender={10}
    keyExtractor={[Function]}
    maxToRenderPerBatch={10}
    numColumns={1}
    onContentSizeChange={[Function]}
    onEndReachedThreshold={2}
    onLayout={[Function]}
    onMomentumScrollEnd={[Function]}
    onScroll={[Function]}
    onScrollBeginDrag={[Function]}
    onScrollEndDrag={[Function]}
    renderItem={[Function]}
    scrollEventThrottle={50}
    stickyHeaderIndices={Array []}
    style={
      Object {
        "height": "30%",
        "paddingLeft": 10,
        "paddingRight": 10,
      }
    }
    updateCellsBatchingPeriod={50}
    viewabilityConfigCallbackPairs={Array []}
    windowSize={21}
  >
    <View />
  </RCTScrollView>
</View>
`;

exports[`ListItem ListItem: renderItemList 1`] = `
<Swipeout
  backgroundColor="#F5F5F5"
  disabled={false}
  right={
    Array [
      Object {
        "onPress": undefined,
        "text": "Delete",
        "type": "delete",
      },
    ]
  }
  rowID={-1}
  sectionID={-1}
  sensitivity={50}
>
  <TouchableOpacity
    activeOpacity={0.2}
    onPress={undefined}
  >
    <View
      style={
        Object {
          "flexDirection": "row",
          "marginBottom": 10,
          "marginTop": 10,
        }
      }
    >
      <View
        style={
          Object {
            "flex": 1,
          }
        }
      >
        <Text
          accessible={true}
          allowFontScaling={true}
          ellipsizeMode="tail"
          style={
            Object {
              "fontSize": 16,
              "fontWeight": "bold",
            }
          }
        >
          Eqweqwe
        </Text>
        <Text
          accessible={true}
          allowFontScaling={true}
          ellipsizeMode="tail"
          style={
            Object {
              "color": "#333333",
            }
          }
        >
          Qweqw
        </Text>
      </View>
    </View>
    <View
      style={
        Object {
          "backgroundColor": "#E0E0E0",
          "height": 1,
          "width": "100%",
        }
      }
    />
  </TouchableOpacity>
</Swipeout>
`;
