// Jest Snapshot v1, https://goo.gl/fbAQLP

exports[`TitleBox TitleBox: Should return TextArea 1`] = `
<View
  style={
    Object {
      "paddingLeft": 10,
      "paddingRight": 10,
      "width": "100%",
    }
  }
>
  <View
    style={
      Object {
        "alignItems": "center",
        "display": "flex",
        "flexDirection": "row",
        "paddingBottom": 15,
        "paddingTop": 15,
      }
    }
  >
    <Text
      accessible={true}
      allowFontScaling={true}
      ellipsizeMode="tail"
      style={
        Object {
          "flex": 1,
          "fontWeight": "bold",
          "justifyContent": "flex-start",
        }
      }
    >
      Note Title
    </Text>
    <View
      style={
        Object {
          "backgroundColor": "#EEEEEE",
          "borderColor": "gray",
          "borderRadius": 5,
          "borderWidth": 1,
          "padding": 8,
        }
      }
    >
      <Text
        accessible={true}
        allowFontScaling={true}
        ellipsizeMode="tail"
        style={
          Object {
            "fontWeight": "bold",
          }
        }
      >
        en
      </Text>
    </View>
  </View>
  <TextInput
    allowFontScaling={true}
    placeholder="Tasks for today"
    placeholderTextColor="#000"
    style={
      Object {
        "alignItems": "center",
        "backgroundColor": "white",
        "borderColor": "gray",
        "borderRadius": 3,
        "borderWidth": 1,
        "fontWeight": "bold",
        "justifyContent": "flex-start",
        "padding": 10,
        "width": "100%",
      }
    }
    underlineColorAndroid="transparent"
  />
</View>
`;
